<?xml version="1.0" encoding="UTF-8"?>
<testsuites name="jest tests" tests="6" failures="0" time="1.715">
  <testsuite name="Hook State test" errors="0" failures="0" skipped="0" timestamp="2020-08-06T21:37:05" time="0.978" tests="3">
    <testcase classname="Hook State test should increment count state" name="Hook State test should increment count state" time="0.029">
    </testcase>
    <testcase classname="Hook State test should decrement count state" name="Hook State test should decrement count state" time="0.01">
    </testcase>
    <testcase classname="Hook State test should reset count state" name="Hook State test should reset count state" time="0.006">
    </testcase>
  </testsuite>
  <testsuite name="Connected State Test" errors="0" failures="0" skipped="0" timestamp="2020-08-06T21:37:06" time="0.3" tests="3">
    <testcase classname="Connected State Test should increment count state" name="Connected State Test should increment count state" time="0.02">
    </testcase>
    <testcase classname="Connected State Test should decrement count state" name="Connected State Test should decrement count state" time="0.005">
    </testcase>
    <testcase classname="Connected State Test should reset count state" name="Connected State Test should reset count state" time="0.005">
    </testcase>
  </testsuite>
</testsuites>